TAP version 13
# Subtest: SCN-006 新安裝兩目標不再同步 agent-browser，重跑冪等
ok 1 - SCN-006 新安裝兩目標不再同步 agent-browser，重跑冪等
  ---
  duration_ms: 50.693491
  type: 'test'
  ...
# Subtest: SCN-006 完全相符舊內建技能兩目標改名備份，索引退役且不覆寫
ok 2 - SCN-006 完全相符舊內建技能兩目標改名備份，索引退役且不覆寫
  ---
  duration_ms: 52.428466
  type: 'test'
  ...
# Subtest: SCN-006 custom-content 兩目標保留原地、警告且重跑不覆寫
ok 3 - SCN-006 custom-content 兩目標保留原地、警告且重跑不覆寫
  ---
  duration_ms: 55.698612
  type: 'test'
  ...
# Subtest: SCN-006 extra-file 兩目標保留原地、警告且重跑不覆寫
ok 4 - SCN-006 extra-file 兩目標保留原地、警告且重跑不覆寫
  ---
  duration_ms: 56.035284
  type: 'test'
  ...
# Subtest: SCN-006 prototype-file 兩目標保留原地、警告且重跑不覆寫
ok 5 - SCN-006 prototype-file 兩目標保留原地、警告且重跑不覆寫
  ---
  duration_ms: 58.160646
  type: 'test'
  ...
# Subtest: SCN-006 extra-dir 兩目標保留原地、警告且重跑不覆寫
ok 6 - SCN-006 extra-dir 兩目標保留原地、警告且重跑不覆寫
  ---
  duration_ms: 57.296976
  type: 'test'
  ...
# Subtest: SCN-006 symlink 兩目標保留原地、警告且重跑不覆寫
ok 7 - SCN-006 symlink 兩目標保留原地、警告且重跑不覆寫
  ---
  duration_ms: 54.335259
  type: 'test'
  ...
# Subtest: SCN-006 root-symlink 兩目標保留原地、警告且重跑不覆寫
ok 8 - SCN-006 root-symlink 兩目標保留原地、警告且重跑不覆寫
  ---
  duration_ms: 51.923729
  type: 'test'
  ...
# Subtest: SCN-006 backup-collision 兩目標保留原地、警告且重跑不覆寫
ok 9 - SCN-006 backup-collision 兩目標保留原地、警告且重跑不覆寫
  ---
  duration_ms: 58.055599
  type: 'test'
  ...
# Subtest: SCN-006 target-ancestor-symlink 保留兩目標並警告
ok 10 - SCN-006 target-ancestor-symlink 保留兩目標並警告
  ---
  duration_ms: 55.369947
  type: 'test'
  ...
# Subtest: SCN-006 backup-ancestor-symlink 保留兩目標並警告
ok 11 - SCN-006 backup-ancestor-symlink 保留兩目標並警告
  ---
  duration_ms: 57.033485
  type: 'test'
  ...
# Subtest: SCN-006 local／runner 同時同步只保留一份完整備份，不殘留 builtin
ok 12 - SCN-006 local／runner 同時同步只保留一份完整備份，不殘留 builtin
  ---
  duration_ms: 58.426295
  type: 'test'
  ...
1..12
# tests 12
# suites 0
# pass 12
# fail 0
# cancelled 0
# skipped 0
# todo 0
# duration_ms 802.51952
