TAP version 13
# Subtest: SCN-006 prototype-file 兩目標保留原地、警告且重跑不覆寫
not ok 1 - SCN-006 prototype-file 兩目標保留原地、警告且重跑不覆寫
  ---
  duration_ms: 58.223286
  type: 'test'
  location: '/home/kevin/Documents/RCodes/moltbot-lite/tests/skill-browser-migration.test.ts:1:4365'
  failureType: 'testCodeFailure'
  error: |-
    The input did not match the regular expression /無法自動遷移|備份已存在/. Input:
    
    ''
    
  code: 'ERR_ASSERTION'
  name: 'AssertionError'
  expected:
  actual: ''
  operator: 'match'
  stack: |-
    TestContext.<anonymous> (/home/kevin/Documents/RCodes/moltbot-lite/tests/skill-browser-migration.test.ts:107:14)
    Test.runInAsyncScope (node:async_hooks:214:14)
    Test.run (node:internal/test_runner/test:1047:25)
    Test.start (node:internal/test_runner/test:944:17)
    startSubtestAfterBootstrap (node:internal/test_runner/harness:296:17)
  ...
1..1
# tests 1
# suites 0
# pass 0
# fail 1
# cancelled 0
# skipped 0
# todo 0
# duration_ms 203.06357
