node-compile-cache/v22.23.3-x64-9de703df-0/1c729f56
node-compile-cache/v22.23.3-x64-9de703df-0/2e04d8ad
node-compile-cache/v22.23.3-x64-9de703df-0/47ceb4f8
node-compile-cache/v22.23.3-x64-9de703df-0/6fefea4d
node-compile-cache/v22.23.3-x64-9de703df-0/aeb715b9
node-compile-cache/v22.23.3-x64-9de703df-0/714d26c0
node-compile-cache/v22.23.3-x64-9de703df-0/1f2f0e9a
node-compile-cache/v22.23.3-x64-9de703df-0/36354dfa
node-compile-cache/v22.23.3-x64-9de703df-0/cbfa8d3d
node-compile-cache/v22.23.3-x64-9de703df-0/1e2f7071
node-compile-cache/v22.23.3-x64-9de703df-0/69d24afa
node-compile-cache/v22.23.3-x64-9de703df-0/bc7e47f2
node-compile-cache/v22.23.3-x64-9de703df-0/9d9aadc2
node-compile-cache/v22.23.3-x64-9de703df-0/6e069cf0
node-compile-cache/v22.23.3-x64-9de703df-0/536fb239
node-compile-cache/v22.23.3-x64-9de703df-0/cc2c9960
node-compile-cache/v22.23.3-x64-9de703df-0/b4129891
node-compile-cache/v22.23.3-x64-9de703df-0/d12f3efb
node-compile-cache/v22.23.3-x64-9de703df-0/e1c99e61
node-compile-cache/v22.23.3-x64-9de703df-0/728a2656
node-compile-cache/v22.23.3-x64-9de703df-0/8983e5b2
node-compile-cache/v22.23.3-x64-9de703df-0/0c15d042
node-compile-cache/v22.23.3-x64-9de703df-0/bd93e513
node-compile-cache/v22.23.3-x64-9de703df-0/2c1bd91e
node-compile-cache/v22.23.3-x64-9de703df-0/4f18cd52
node-compile-cache/v22.23.3-x64-9de703df-0/de2caf7a
node-compile-cache/v22.23.3-x64-9de703df-0/750ab2af
node-compile-cache/v22.23.3-x64-9de703df-0/9181f64f
node-compile-cache/v22.23.3-x64-9de703df-0/adf70d0c
node-compile-cache/v22.23.3-x64-9de703df-0/43ce6b52
node-compile-cache/v22.23.3-x64-9de703df-0/e0d9d81a
node-compile-cache/v22.23.3-x64-9de703df-0/efa87b2d
node-compile-cache/v22.23.3-x64-9de703df-0/01c08d40
node-compile-cache/v22.23.3-x64-9de703df-0/fcac3240
node-compile-cache/v22.23.3-x64-9de703df-0/71b73734
node-compile-cache/v22.23.3-x64-9de703df-0/fd99c850
node-compile-cache/v22.23.3-x64-9de703df-0/20b81e57
node-compile-cache/v22.23.3-x64-9de703df-0/9db2a8c5
node-compile-cache/v22.23.3-x64-9de703df-0/d6cd14ed
node-compile-cache/v22.23.3-x64-9de703df-0/36f68b81
node-compile-cache/v22.23.3-x64-9de703df-0/df565ff5
node-compile-cache/v22.23.3-x64-9de703df-0/52299478
node-compile-cache/v22.23.3-x64-9de703df-0/e9b75180
node-compile-cache/v22.23.3-x64-9de703df-0/ef09bd76
node-compile-cache/v22.23.3-x64-9de703df-0/5c850f93
node-compile-cache/v22.23.3-x64-9de703df-0/027fd99b
node-compile-cache/v22.23.3-x64-9de703df-0/9a22502e
node-compile-cache/v22.23.3-x64-9de703df-0/121174e4
node-compile-cache/v22.23.3-x64-9de703df-0/4e34a80b
node-compile-cache/v22.23.3-x64-9de703df-0/2b72d99e
node-compile-cache/v22.23.3-x64-9de703df-0/0535d717
node-compile-cache/v22.23.3-x64-9de703df-0/73f9ddd6
node-compile-cache/v22.23.3-x64-9de703df-0/6bdd75b8
node-compile-cache/v22.23.3-x64-9de703df-0/557c0551
node-compile-cache/v22.23.3-x64-9de703df-0/badb0220
node-compile-cache/v22.23.3-x64-9de703df-0/cdcc26f1
node-compile-cache/v22.23.3-x64-9de703df-0/f7c9b488
node-compile-cache/v22.23.3-x64-9de703df-0/4f26fa49
node-compile-cache/v22.23.3-x64-9de703df-0/cd5f65ff
node-compile-cache/v22.23.3-x64-9de703df-0/8b2bfe23
node-compile-cache/v22.23.3-x64-9de703df-0/0372a7e7
node-compile-cache/v22.23.3-x64-9de703df-0/eddf8f4d
node-compile-cache/v22.23.3-x64-9de703df-0/3ca02643
node-compile-cache/v22.23.3-x64-9de703df-0/b17b4917
node-compile-cache/v22.23.3-x64-9de703df-0/cc985b4b
node-compile-cache/v22.23.3-x64-9de703df-0/193e2733
node-compile-cache/v22.23.3-x64-9de703df-0/a51ea07a
node-compile-cache/v22.23.3-x64-9de703df-0/47b4b1f8
node-compile-cache/v22.23.3-x64-9de703df-0/7abb8e30
node-compile-cache/v22.23.3-x64-9de703df-0/eba8b69c
node-compile-cache/v22.23.3-x64-9de703df-0/30838e72
node-compile-cache/v22.23.3-x64-9de703df-0/e4bf78f4
node-compile-cache/v22.23.3-x64-9de703df-0/c56844e4
node-compile-cache/v22.23.3-x64-9de703df-0/daa9a0fe
node-compile-cache/v22.23.3-x64-9de703df-0/f5168a5c
node-compile-cache/v22.23.3-x64-9de703df-0/52839e32
node-compile-cache/v22.23.3-x64-9de703df-0/6fdfd1ae
node-compile-cache/v22.23.3-x64-9de703df-0/7ff8930f
node-compile-cache/v22.23.3-x64-9de703df-0/6d26810f
node-compile-cache/v22.23.3-x64-9de703df-0/2bb97a42
node-compile-cache/v22.23.3-x64-9de703df-0/aca69bca
node-compile-cache/v22.23.3-x64-9de703df-0/72d77890
node-compile-cache/v22.23.3-x64-9de703df-0/32d1c5bc
node-compile-cache/v22.23.3-x64-9de703df-0/0f96f96d
node-compile-cache/v22.23.3-x64-9de703df-0/c29f8478
node-compile-cache/v22.23.3-x64-9de703df-0/d1ab7afd
node-compile-cache/v22.23.3-x64-9de703df-0/23971331
node-compile-cache/v22.23.3-x64-9de703df-0/95ccee05
node-compile-cache/v22.23.3-x64-9de703df-0/50be787f
node-compile-cache/v22.23.3-x64-9de703df-0/79e415c8
node-compile-cache/v22.23.3-x64-9de703df-0/a800670b
node-compile-cache/v22.23.3-x64-9de703df-0/2d333828
node-compile-cache/v22.23.3-x64-9de703df-0/a9edc970
node-compile-cache/v22.23.3-x64-9de703df-0/d3dad19e
node-compile-cache/v22.23.3-x64-9de703df-0/47bfaea9
node-compile-cache/v22.23.3-x64-9de703df-0/28529592
node-compile-cache/v22.23.3-x64-9de703df-0/633f16cf
node-compile-cache/v22.23.3-x64-9de703df-0/78d4efc1
node-compile-cache/v22.23.3-x64-9de703df-0/9e3d89b2
node-compile-cache/v22.23.3-x64-9de703df-0/473c8e1f
node-compile-cache/v22.23.3-x64-9de703df-0/6eee3b58
node-compile-cache/v22.23.3-x64-9de703df-0/ced9fa1d
node-compile-cache/v22.23.3-x64-9de703df-0/a19c28e1
node-compile-cache/v22.23.3-x64-9de703df-0/515ea996
node-compile-cache/v22.23.3-x64-9de703df-0/a919d851
node-compile-cache/v22.23.3-x64-9de703df-0/23976ea8
node-compile-cache/v22.23.3-x64-9de703df-0/39ce3f5c
node-compile-cache/v22.23.3-x64-9de703df-0/72c57964
node-compile-cache/v22.23.3-x64-9de703df-0/0e32632a
node-compile-cache/v22.23.3-x64-9de703df-0/e200e7d9
node-compile-cache/v22.23.3-x64-9de703df-0/e777c7bc
node-compile-cache/v22.23.3-x64-9de703df-0/0569cc9e
node-compile-cache/v22.23.3-x64-9de703df-0/077049fd
node-compile-cache/v22.23.3-x64-9de703df-0/7e191753
node-compile-cache/v22.23.3-x64-9de703df-0/530789e9
node-compile-cache/v22.23.3-x64-9de703df-0/e25b2189
node-compile-cache/v22.23.3-x64-9de703df-0/36de03eb
node-compile-cache/v22.23.3-x64-9de703df-0/968925c0
node-compile-cache/v22.23.3-x64-9de703df-0/107ab572
node-compile-cache/v22.23.3-x64-9de703df-0/9f6c50f9
node-compile-cache/v22.23.3-x64-9de703df-0/a8936bd4
node-compile-cache/v22.23.3-x64-9de703df-0/c646cd83
node-compile-cache/v22.23.3-x64-9de703df-0/6dc23b35
node-compile-cache/v22.23.3-x64-9de703df-0/165e65c4
node-compile-cache/v22.23.3-x64-9de703df-0/312d1339
node-compile-cache/v22.23.3-x64-9de703df-0/5da33ec0
node-compile-cache/v22.23.3-x64-9de703df-0/a6197ae0
node-compile-cache/v22.23.3-x64-9de703df-0/1e6ddd85
node-compile-cache/v22.23.3-x64-9de703df-0/5c0b81b3
node-compile-cache/v22.23.3-x64-9de703df-0/d68853c6
node-compile-cache/v22.23.3-x64-9de703df-0/fd30f0d8
node-compile-cache/v22.23.3-x64-9de703df-0/a2bbb47c
node-compile-cache/v22.23.3-x64-9de703df-0/dc5cfcdd
node-compile-cache/v22.23.3-x64-9de703df-0/36e97a38
node-compile-cache/v22.23.3-x64-9de703df-0/f055e775
node-compile-cache/v22.23.3-x64-9de703df-0/a2a4bb5d
node-compile-cache/v22.23.3-x64-9de703df-0/e8e2d976
node-compile-cache/v22.23.3-x64-9de703df-0/89b87e67
node-compile-cache/v22.23.3-x64-9de703df-0/b201df21
node-compile-cache/v22.23.3-x64-9de703df-0/2548310c
node-compile-cache/v22.23.3-x64-9de703df-0/4564e2da
node-compile-cache/v22.23.3-x64-9de703df-0/a2e8307f
node-compile-cache/v22.23.3-x64-9de703df-0/2512a231
node-compile-cache/v22.23.3-x64-9de703df-0/f8db9bd9
node-compile-cache/v22.23.3-x64-9de703df-0/7ef03b27
node-compile-cache/v22.23.3-x64-9de703df-0/8d6b6687
node-compile-cache/v22.23.3-x64-9de703df-0/95175bc2
node-compile-cache/v22.23.3-x64-9de703df-0/70b9b79a
node-compile-cache/v22.23.3-x64-9de703df-0/1002e6f0
node-compile-cache/v22.23.3-x64-9de703df-0/b54cdee0
node-compile-cache/v22.23.3-x64-9de703df-0/4565d742
node-compile-cache/v22.23.3-x64-9de703df-0/49b91afd
node-compile-cache/v22.23.3-x64-9de703df-0/16c0288e
node-compile-cache/v22.23.3-x64-9de703df-0/d223acb2
node-compile-cache/v22.23.3-x64-9de703df-0/f4a982f1
node-compile-cache/v22.23.3-x64-9de703df-0/31af2baa
node-compile-cache/v22.23.3-x64-9de703df-0/990ab0f9
node-compile-cache/v22.23.3-x64-9de703df-0/42bbb12f
node-compile-cache/v22.23.3-x64-9de703df-0/e4110491
node-compile-cache/v22.23.3-x64-9de703df-0/b4b4d990
node-compile-cache/v22.23.3-x64-9de703df-0/aa1c21db
node-compile-cache/v22.23.3-x64-9de703df-0/83985b33
node-compile-cache/v22.23.3-x64-9de703df-0/9f164f81
node-compile-cache/v22.23.3-x64-9de703df-0/37c36750
node-compile-cache/v22.23.3-x64-9de703df-0/cfbd32c3
node-compile-cache/v22.23.3-x64-9de703df-0/7dab7680
node-compile-cache/v22.23.3-x64-9de703df-0/9047dd8a
node-compile-cache/v22.23.3-x64-9de703df-0/7d8c415c
node-compile-cache/v22.23.3-x64-9de703df-0/2b80aaeb
node-compile-cache/v22.23.3-x64-9de703df-0/8d25cee3
node-compile-cache/v22.23.3-x64-9de703df-0/4d653578
node-compile-cache/v22.23.3-x64-9de703df-0/1400e130
node-compile-cache/v22.23.3-x64-9de703df-0/2476a3c1
node-compile-cache/v22.23.3-x64-9de703df-0/13581cd4
node-compile-cache/v22.23.3-x64-9de703df-0/ef9b14c1
node-compile-cache/v22.23.3-x64-9de703df-0/f66cc006
node-compile-cache/v22.23.3-x64-9de703df-0/a067a7a8
node-compile-cache/v22.23.3-x64-9de703df-0/504a17c6
node-compile-cache/v22.23.3-x64-9de703df-0/695264b3
node-compile-cache/v22.23.3-x64-9de703df-0/6e2af0ae
node-compile-cache/v22.23.3-x64-9de703df-0/6a01744d
node-compile-cache/v22.23.3-x64-9de703df-0/0d896cb8
node-compile-cache/v22.23.3-x64-9de703df-0/9e623952
node-compile-cache/v22.23.3-x64-9de703df-0/dc6e2f9a
node-compile-cache/v22.23.3-x64-9de703df-0/9ac7334a
node-compile-cache/v22.23.3-x64-9de703df-0/52f4092a
node-compile-cache/v22.23.3-x64-9de703df-0/28f045b9
node-compile-cache/v22.23.3-x64-9de703df-0/56a6346a
node-compile-cache/v22.23.3-x64-9de703df-0/0da616be
node-compile-cache/v22.23.3-x64-9de703df-0/ca2fe7fc
node-compile-cache/v22.23.3-x64-9de703df-0/596e3987
node-compile-cache/v22.23.3-x64-9de703df-0/4ddaf35d
node-compile-cache/v22.23.3-x64-9de703df-0/108868d6
node-compile-cache/v22.23.3-x64-9de703df-0/c0c48598
node-compile-cache/v22.23.3-x64-9de703df-0/5092240e
node-compile-cache/v22.23.3-x64-9de703df-0/302a21d3
node-compile-cache/v22.23.3-x64-9de703df-0/cbbed571
node-compile-cache/v22.23.3-x64-9de703df-0/eebc5e81
node-compile-cache/v22.23.3-x64-9de703df-0/d2cc9f7b
node-compile-cache/v22.23.3-x64-9de703df-0/2da034eb
node-compile-cache/v22.23.3-x64-9de703df-0/52380b07
node-compile-cache/v22.23.3-x64-9de703df-0/16d89fbf
node-compile-cache/v22.23.3-x64-9de703df-0/933d230c
node-compile-cache/v22.23.3-x64-9de703df-0/3bf3c906
node-compile-cache/v22.23.3-x64-9de703df-0/67bd5aa5
node-compile-cache/v22.23.3-x64-9de703df-0/fed8381b
node-compile-cache/v22.23.3-x64-9de703df-0/918c9514
node-compile-cache/v22.23.3-x64-9de703df-0/1eb6ec67
node-compile-cache/v22.23.3-x64-9de703df-0/78542460
node-compile-cache/v22.23.3-x64-9de703df-0/5244a2f6
node-compile-cache/v22.23.3-x64-9de703df-0/89107113
node-compile-cache/v22.23.3-x64-9de703df-0/d652d8a3
node-compile-cache/v22.23.3-x64-9de703df-0/708e5da4
node-compile-cache/v22.23.3-x64-9de703df-0/b52152a3
node-compile-cache/v22.23.3-x64-9de703df-0/d9a6e626
node-compile-cache/v22.23.3-x64-9de703df-0/a9e18a07
node-compile-cache/v22.23.3-x64-9de703df-0/7e17ab2c
node-compile-cache/v22.23.3-x64-9de703df-0/ab293e3d
node-compile-cache/v22.23.3-x64-9de703df-0/34d66bd2
node-compile-cache/v22.23.3-x64-9de703df-0/b18fd37b
node-compile-cache/v22.23.3-x64-9de703df-0/12eb0ec0
node-compile-cache/v22.23.3-x64-9de703df-0/ba6ba8d4
node-compile-cache/v22.23.3-x64-9de703df-0/bd516bf5
node-compile-cache/v22.23.3-x64-9de703df-0/b420f3eb
node-compile-cache/v22.23.3-x64-9de703df-0/dc7166bc
node-compile-cache/v22.23.3-x64-9de703df-0/b84c6302
node-compile-cache/v22.23.3-x64-9de703df-0/cef19533
node-compile-cache/v22.23.3-x64-9de703df-0/c1b956b1
node-compile-cache/v22.23.3-x64-9de703df-0/1b711ba2
node-compile-cache/v22.23.3-x64-9de703df-0/f978c502
node-compile-cache/v22.23.3-x64-9de703df-0/c4ac8e11
node-compile-cache/v22.23.3-x64-9de703df-0/c4a9997f
node-compile-cache/v22.23.3-x64-9de703df-0/f267d4e3
node-compile-cache/v22.23.3-x64-9de703df-0/64bb142c
node-compile-cache/v22.23.3-x64-9de703df-0/f0837ae1
node-compile-cache/v22.23.3-x64-9de703df-0/c6c0c4a5
node-compile-cache/v22.23.3-x64-9de703df-0/bb98dfdf
node-compile-cache/v22.23.3-x64-9de703df-0/b407bdc3
node-compile-cache/v22.23.3-x64-9de703df-0/31fcef26
node-compile-cache/v22.23.3-x64-9de703df-0/2d8bd46c
node-compile-cache/v22.23.3-x64-9de703df-0/47f4c8eb
node-compile-cache/v22.23.3-x64-9de703df-0/89e1a9ba
node-compile-cache/v22.23.3-x64-9de703df-0/1ae914af
node-compile-cache/v22.23.3-x64-9de703df-0/cdb66dbd
node-compile-cache/v22.23.3-x64-9de703df-0/129c9ca9
node-compile-cache/v22.23.3-x64-9de703df-0/4e3a9b9a
node-compile-cache/v22.23.3-x64-9de703df-0/a6cfd257
node-compile-cache/v22.23.3-x64-9de703df-0/2669a8be
node-compile-cache/v22.23.3-x64-9de703df-0/d3d238f8
node-compile-cache/v22.23.3-x64-9de703df-0/c08777dc
node-compile-cache/v22.23.3-x64-9de703df-0/1134cedf
node-compile-cache/v22.23.3-x64-9de703df-0/ce751ebd
node-compile-cache/v22.23.3-x64-9de703df-0/d6ee270b
node-compile-cache/v22.23.3-x64-9de703df-0/cf75afc8
node-compile-cache/v22.23.3-x64-9de703df-0/04e65cde
node-compile-cache/v22.23.3-x64-9de703df-0/7e8a3dac
node-compile-cache/v22.23.3-x64-9de703df-0/d9216693
node-compile-cache/v22.23.3-x64-9de703df-0/19c64358
node-compile-cache/v22.23.3-x64-9de703df-0/61368bb0
node-compile-cache/v22.23.3-x64-9de703df-0/c7488224
node-compile-cache/v22.23.3-x64-9de703df-0/bbd5822b
node-compile-cache/v22.23.3-x64-9de703df-0/d3fca832
node-compile-cache/v22.23.3-x64-9de703df-0/9f0dcddd
node-compile-cache/v22.23.3-x64-9de703df-0/886d3a6f
node-compile-cache/v22.23.3-x64-9de703df-0/d2fe33bf
node-compile-cache/v22.23.3-x64-9de703df-0/0bb0939e
node-compile-cache/v22.23.3-x64-9de703df-0/d20280c3
node-compile-cache/v22.23.3-x64-9de703df-0/db7e2cec
node-compile-cache/v22.23.3-x64-9de703df-0/517aeb01
node-compile-cache/v22.23.3-x64-9de703df-0/ee5a04a5
node-compile-cache/v22.23.3-x64-9de703df-0/cb6dbc04
node-compile-cache/v22.23.3-x64-9de703df-0/370d92b5
node-compile-cache/v22.23.3-x64-9de703df-0/70ba0036
node-compile-cache/v22.23.3-x64-9de703df-0/053fed39
node-compile-cache/v22.23.3-x64-9de703df-0/a5d069e8
node-compile-cache/v22.23.3-x64-9de703df-0/f1ca1e02
node-compile-cache/v22.23.3-x64-9de703df-0/fbd87f66
node-compile-cache/v22.23.3-x64-9de703df-0/8da8c4cc
node-compile-cache/v22.23.3-x64-9de703df-0/8d2a9903
node-compile-cache/v22.23.3-x64-9de703df-0/efd7461a
node-compile-cache/v22.23.3-x64-9de703df-0/6beb28be
node-compile-cache/v22.23.3-x64-9de703df-0/b2413048
node-compile-cache/v22.23.3-x64-9de703df-0/6c63f955
node-compile-cache/v22.23.3-x64-9de703df-0/1eae4687
node-compile-cache/v22.23.3-x64-9de703df-0/8b3b58b6
node-compile-cache/v22.23.3-x64-9de703df-0/8e2529bc
node-compile-cache/v22.23.3-x64-9de703df-0/471d2ae5
node-compile-cache/v22.23.3-x64-9de703df-0/a941b9e8
node-compile-cache/v22.23.3-x64-9de703df-0/84b1d264
node-compile-cache/v22.23.3-x64-9de703df-0/bca9f9a7
node-compile-cache/v22.23.3-x64-9de703df-0/687085b5
node-compile-cache/v22.23.3-x64-9de703df-0/761edc76
node-compile-cache/v22.23.3-x64-9de703df-0/0d738cfc
node-compile-cache/v22.23.3-x64-9de703df-0/24522584
node-compile-cache/v22.23.3-x64-9de703df-0/3ade6c40
node-compile-cache/v22.23.3-x64-9de703df-0/7fe4ceef
node-compile-cache/v22.23.3-x64-9de703df-0/acd8ec83
node-compile-cache/v22.23.3-x64-9de703df-0/ecf63240
node-compile-cache/v22.23.3-x64-9de703df-0/6bca564b
node-compile-cache/v22.23.3-x64-9de703df-0/27893977
node-compile-cache/v22.23.3-x64-9de703df-0/92c9815e
node-compile-cache/v22.23.3-x64-9de703df-0/7232a51a
node-compile-cache/v22.23.3-x64-9de703df-0/49486cf1
node-compile-cache/v22.23.3-x64-9de703df-0/a4482a24
node-compile-cache/v22.23.3-x64-9de703df-0/2ec2cb17
node-compile-cache/v22.23.3-x64-9de703df-0/31503801
node-compile-cache/v22.23.3-x64-9de703df-0/d17a3056
node-compile-cache/v22.23.3-x64-9de703df-0/8c3256a8
node-compile-cache/v22.23.3-x64-9de703df-0/d4cea351
node-compile-cache/v22.23.3-x64-9de703df-0/a0fc4530
node-compile-cache/v22.23.3-x64-9de703df-0/70e8c9a2
node-compile-cache/v22.23.3-x64-9de703df-0/3f8c2a21
node-compile-cache/v22.23.3-x64-9de703df-0/60334982
node-compile-cache/v22.23.3-x64-9de703df-0/39e8eb68
node-compile-cache/v22.23.3-x64-9de703df-0/b02643f6
node-compile-cache/v22.23.3-x64-9de703df-0/f2de7464
node-compile-cache/v22.23.3-x64-9de703df-0/bff28abc
node-compile-cache/v22.23.3-x64-9de703df-0/7911976f
node-compile-cache/v22.23.3-x64-9de703df-0/637f574e
node-compile-cache/v22.23.3-x64-9de703df-0/a59c6f98
node-compile-cache/v22.23.3-x64-9de703df-0/55cf3abc
node-compile-cache/v22.23.3-x64-9de703df-0/4cf262e6
node-compile-cache/v22.23.3-x64-9de703df-0/481d9a18
node-compile-cache/v22.23.3-x64-9de703df-0/c31ab5ad
node-compile-cache/v22.23.3-x64-9de703df-0/dcbb5006
node-compile-cache/v22.23.3-x64-9de703df-0/6c4bbe2c
node-compile-cache/v22.23.3-x64-9de703df-0/d0853a5a
node-compile-cache/v22.23.3-x64-9de703df-0/42a36d27
node-compile-cache/v22.23.3-x64-9de703df-0/03bfe4fd
node-compile-cache/v22.23.3-x64-9de703df-0/35a067fc
node-compile-cache/v22.23.3-x64-9de703df-0/b363cf74
node-compile-cache/v22.23.3-x64-9de703df-0/e4e2d97f
node-compile-cache/v22.23.3-x64-9de703df-0/f7ce5dea
node-compile-cache/v22.23.3-x64-9de703df-0/442c1750
node-compile-cache/v22.23.3-x64-9de703df-0/9680544a
node-compile-cache/v22.23.3-x64-9de703df-0/e8ffbea6
node-compile-cache/v22.23.3-x64-9de703df-0/2f8c9e26
node-compile-cache/v22.23.3-x64-9de703df-0/10f112e9
node-compile-cache/v22.23.3-x64-9de703df-0/b20c954a
node-compile-cache/v22.23.3-x64-9de703df-0/6f162b1b
node-compile-cache/v22.23.3-x64-9de703df-0/2afb5617
node-compile-cache/v22.23.3-x64-9de703df-0/ad456669
node-compile-cache/v22.23.3-x64-9de703df-0/b3a2e9e7
node-compile-cache/v22.23.3-x64-9de703df-0/d2083cd2
node-compile-cache/v22.23.3-x64-9de703df-0/6ac34a52
node-compile-cache/v22.23.3-x64-9de703df-0/4e2640f8
node-compile-cache/v22.23.3-x64-9de703df-0/720db5a5
node-compile-cache/v22.23.3-x64-9de703df-0/c8b40caa
node-compile-cache/v22.23.3-x64-9de703df-0/d1b219ee
node-compile-cache/v22.23.3-x64-9de703df-0/dcf295d6
node-compile-cache/v22.23.3-x64-9de703df-0/a810e6e7
node-compile-cache/v22.23.3-x64-9de703df-0/5301bd2c
node-compile-cache/v22.23.3-x64-9de703df-0/9eec5070
node-compile-cache/v22.23.3-x64-9de703df-0/ec36e330
node-compile-cache/v22.23.3-x64-9de703df-0/4bb798db
node-compile-cache/v22.23.3-x64-9de703df-0/9c76eda3
node-compile-cache/v22.23.3-x64-9de703df-0/5ea9ea65
node-compile-cache/v22.23.3-x64-9de703df-0/262de1a0
node-compile-cache/v22.23.3-x64-9de703df-0/00bf0630
node-compile-cache/v22.23.3-x64-9de703df-0/965301ca
node-compile-cache/v22.23.3-x64-9de703df-0/30909de6
node-compile-cache/v22.23.3-x64-9de703df-0/876b15f2
node-compile-cache/v22.23.3-x64-9de703df-0/20cadba9
node-compile-cache/v22.23.3-x64-9de703df-0/c3622ba3
node-compile-cache/v22.23.3-x64-9de703df-0/052c232d
node-compile-cache/v22.23.3-x64-9de703df-0/78b597a2
node-compile-cache/v22.23.3-x64-9de703df-0/b8a42e54
node-compile-cache/v22.23.3-x64-9de703df-0/6d9ace52
node-compile-cache/v22.23.3-x64-9de703df-0/e9502cdb
node-compile-cache/v22.23.3-x64-9de703df-0/996086c4
node-compile-cache/v22.23.3-x64-9de703df-0/874b91f3
node-compile-cache/v22.23.3-x64-9de703df-0/bbfdd1eb
node-compile-cache/v22.23.3-x64-9de703df-0/0c92995d
node-compile-cache/v22.23.3-x64-9de703df-0/4a09d3c5
node-compile-cache/v22.23.3-x64-9de703df-0/662404b2
node-compile-cache/v22.23.3-x64-9de703df-0/94b60fb7
node-compile-cache/v22.23.3-x64-9de703df-0/5f6a16a1
node-compile-cache/v22.23.3-x64-9de703df-0/cb74e29b
node-compile-cache/v22.23.3-x64-9de703df-0/6c6b08ac
node-compile-cache/v22.23.3-x64-9de703df-0/c1339159
node-compile-cache/v22.23.3-x64-9de703df-0/2d4f444f
node-compile-cache/v22.23.3-x64-9de703df-0/c06ccd69
node-compile-cache/v22.23.3-x64-9de703df-0/ed6ec470
node-compile-cache/v22.23.3-x64-9de703df-0/9b9a2898
node-compile-cache/v22.23.3-x64-9de703df-0/bf65294b
node-compile-cache/v22.23.3-x64-9de703df-0/e7824fe0
node-compile-cache/v22.23.3-x64-9de703df-0/72bc07d3
node-compile-cache/v22.23.3-x64-9de703df-0/7de6cf21
node-compile-cache/v22.23.3-x64-9de703df-0/e9254273
node-compile-cache/v22.23.3-x64-9de703df-0/c95068bc
node-compile-cache/v22.23.3-x64-9de703df-0/0275a71a
node-compile-cache/v22.23.3-x64-9de703df-0/faaca25c
node-compile-cache/v22.23.3-x64-9de703df-0/d6039c0f
node-compile-cache/v22.23.3-x64-9de703df-0/60f6545f
node-compile-cache/v22.23.3-x64-9de703df-0/70594976
node-compile-cache/v22.23.3-x64-9de703df-0/40194e3b
node-compile-cache/v22.23.3-x64-9de703df-0/5acc690e
node-compile-cache/v22.23.3-x64-9de703df-0/57a28ded
node-compile-cache/v22.23.3-x64-9de703df-0/fc0948bb
node-compile-cache/v22.23.3-x64-9de703df-0/f68b4299
node-compile-cache/v22.23.3-x64-9de703df-0/5b1c1562
node-compile-cache/v22.23.3-x64-9de703df-0/d5a6a69e
node-compile-cache/v22.23.3-x64-9de703df-0/c318f403
node-compile-cache/v22.23.3-x64-9de703df-0/b222bc2c
node-compile-cache/v22.23.3-x64-9de703df-0/d29d0d4d
node-compile-cache/v22.23.3-x64-9de703df-0/68ab6d57
node-compile-cache/v22.23.3-x64-9de703df-0/6b92c3a1
node-compile-cache/v22.23.3-x64-9de703df-0/8fec1cc1
node-compile-cache/v22.23.3-x64-9de703df-0/49d0b900
node-compile-cache/v22.23.3-x64-9de703df-0/60580836
node-compile-cache/v22.23.3-x64-9de703df-0/2d189c75
node-compile-cache/v22.23.3-x64-9de703df-0/fbe78c5a
node-compile-cache/v22.23.3-x64-9de703df-0/82b0c840
node-compile-cache/v22.23.3-x64-9de703df-0/89e9149a
node-compile-cache/v22.23.3-x64-9de703df-0/8baefecf
node-compile-cache/v22.23.3-x64-9de703df-0/a2ce1c99
node-compile-cache/v22.23.3-x64-9de703df-0/17ec4ef0
node-compile-cache/v22.23.3-x64-9de703df-0/e2f6e66c
node-compile-cache/v22.23.3-x64-9de703df-0/7b367602
node-compile-cache/v22.23.3-x64-9de703df-0/fc1c003c
node-compile-cache/v22.23.3-x64-9de703df-0/bd8e9252
node-compile-cache/v22.23.3-x64-9de703df-0/f3620b98
node-compile-cache/v22.23.3-x64-9de703df-0/d4f9f3ac
node-compile-cache/v22.23.3-x64-9de703df-0/c2e758bf
node-compile-cache/v22.23.3-x64-9de703df-0/81f10073
node-compile-cache/v22.23.3-x64-9de703df-0/ba935576
node-compile-cache/v22.23.3-x64-9de703df-0/4af3d97f
node-compile-cache/v22.23.3-x64-9de703df-0/8b2837bb
node-compile-cache/v22.23.3-x64-9de703df-0/31720429
node-compile-cache/v22.23.3-x64-9de703df-0/a57eba5c
node-compile-cache/v22.23.3-x64-9de703df-0/a1ca8502
node-compile-cache/v22.23.3-x64-9de703df-0/a01932e9
node-compile-cache/v22.23.3-x64-9de703df-0/138d8b8a
node-compile-cache/v22.23.3-x64-9de703df-0/f3315a79
node-compile-cache/v22.23.3-x64-9de703df-0/b4900a39
node-compile-cache/v22.23.3-x64-9de703df-0/b970a701
node-compile-cache/v22.23.3-x64-9de703df-0/4a909031
node-compile-cache/v22.23.3-x64-9de703df-0/f3cdfa2d
node-compile-cache/v22.23.3-x64-9de703df-0/fc9bbf97
node-compile-cache/v22.23.3-x64-9de703df-0/14003ba0
node-compile-cache/v22.23.3-x64-9de703df-0/8dc15d06
node-compile-cache/v22.23.3-x64-9de703df-0/00e7fb07
node-compile-cache/v22.23.3-x64-9de703df-0/8549dc65
node-compile-cache/v22.23.3-x64-9de703df-0/5d6fa746
node-compile-cache/v22.23.3-x64-9de703df-0/56d3d5b7
node-compile-cache/v22.23.3-x64-9de703df-0/d4f97844
node-compile-cache/v22.23.3-x64-9de703df-0/bf248a5a
node-compile-cache/v22.23.3-x64-9de703df-0/a689dacc
node-compile-cache/v22.23.3-x64-9de703df-0/aff87990
node-compile-cache/v22.23.3-x64-9de703df-0/1215b633
node-compile-cache/v22.23.3-x64-9de703df-0/d9a4ba7c
node-compile-cache/v22.23.3-x64-9de703df-0/d6d0d53d
node-compile-cache/v22.23.3-x64-9de703df-0/83cd8344
node-compile-cache/v22.23.3-x64-9de703df-0/b46eb16c
node-compile-cache/v22.23.3-x64-9de703df-0/29564910
node-compile-cache/v22.23.3-x64-9de703df-0/c9f488dc
node-compile-cache/v22.23.3-x64-9de703df-0/898f483e
node-compile-cache/v22.23.3-x64-9de703df-0/0555bc32
node-compile-cache/v22.23.3-x64-9de703df-0/daee25f0
node-compile-cache/v22.23.3-x64-9de703df-0/ac22db77
node-compile-cache/v22.23.3-x64-9de703df-0/88c20709
node-compile-cache/v22.23.3-x64-9de703df-0/a71c9f43
node-compile-cache/v22.23.3-x64-9de703df-0/cccf94e2
node-compile-cache/v22.23.3-x64-9de703df-0/c57950be
node-compile-cache/v22.23.3-x64-9de703df-0/cd922b6f
node-compile-cache/v22.23.3-x64-9de703df-0/f7061dc3
node-compile-cache/v22.23.3-x64-9de703df-0/9c22a3a0
node-compile-cache/v22.23.3-x64-9de703df-0/bf0630bb
node-compile-cache/v22.23.3-x64-9de703df-0/3c96d784
node-compile-cache/v22.23.3-x64-9de703df-0/28ae348a
node-compile-cache/v22.23.3-x64-9de703df-0/ae0c28c5
node-compile-cache/v22.23.3-x64-9de703df-0/90bc0a41
node-compile-cache/v22.23.3-x64-9de703df-0/cc812037
node-compile-cache/v22.23.3-x64-9de703df-0/14321a91
node-compile-cache/v22.23.3-x64-9de703df-0/26851a55
node-compile-cache/v22.23.3-x64-9de703df-0/82aab2a4
node-compile-cache/v22.23.3-x64-9de703df-0/d56ccdcb
node-compile-cache/v22.23.3-x64-9de703df-0/ffa931aa
node-compile-cache/v22.23.3-x64-9de703df-0/72cead0c
node-compile-cache/v22.23.3-x64-9de703df-0/b8894b34
node-compile-cache/v22.23.3-x64-9de703df-0/37bac5d5
node-compile-cache/v22.23.3-x64-9de703df-0/5e228ed9
node-compile-cache/v22.23.3-x64-9de703df-0/76a6db1e
node-compile-cache/v22.23.3-x64-9de703df-0/2b47d793
node-compile-cache/v22.23.3-x64-9de703df-0/90bcc1ce
node-compile-cache/v22.23.3-x64-9de703df-0/c50aada4
node-compile-cache/v22.23.3-x64-9de703df-0/609914ab
node-compile-cache/v22.23.3-x64-9de703df-0/69198962
node-compile-cache/v22.23.3-x64-9de703df-0/9ffe40de
node-compile-cache/v22.23.3-x64-9de703df-0/3046aaf2
node-compile-cache/v22.23.3-x64-9de703df-0/0eba5d40
node-compile-cache/v22.23.3-x64-9de703df-0/8a3bc77f
node-compile-cache/v22.23.3-x64-9de703df-0/e6a6d8eb
node-compile-cache/v22.23.3-x64-9de703df-0/4ddbfffe
node-compile-cache/v22.23.3-x64-9de703df-0/eb8907ec
node-compile-cache/v22.23.3-x64-9de703df-0/5167ddd4
node-compile-cache/v22.23.3-x64-9de703df-0/73896c39
node-compile-cache/v22.23.3-x64-9de703df-0/83654ba8
node-compile-cache/v22.23.3-x64-9de703df-0/527f5bd3
node-compile-cache/v22.23.3-x64-9de703df-0/6b2b3437
node-compile-cache/v22.23.3-x64-9de703df-0/8c69acea
node-compile-cache/v22.23.3-x64-9de703df-0/80051c3c
node-compile-cache/v22.23.3-x64-9de703df-0/b7adb12a
node-compile-cache/v22.23.3-x64-9de703df-0/5dbf8f0a
node-compile-cache/v22.23.3-x64-9de703df-0/1d0a3031
node-compile-cache/v22.23.3-x64-9de703df-0/41707149
node-compile-cache/v22.23.3-x64-9de703df-0/9a8e0fc7
node-compile-cache/v22.23.3-x64-9de703df-0/0abe949a
node-compile-cache/v22.23.3-x64-9de703df-0/314a1792
node-compile-cache/v22.23.3-x64-9de703df-0/5839ec17
node-compile-cache/v22.23.3-x64-9de703df-0/47ad38b1
node-compile-cache/v22.23.3-x64-9de703df-0/c1c4098b
node-compile-cache/v22.23.3-x64-9de703df-0/ae1cd077
node-compile-cache/v22.23.3-x64-9de703df-0/e0b61e81
node-compile-cache/v22.23.3-x64-9de703df-0/c639602a
node-compile-cache/v22.23.3-x64-9de703df-0/60156954
node-compile-cache/v22.23.3-x64-9de703df-0/9d788ff2
node-compile-cache/v22.23.3-x64-9de703df-0/1a11b592
node-compile-cache/v22.23.3-x64-9de703df-0/6d0a9c4b
node-compile-cache/v22.23.3-x64-9de703df-0/5f39979f
node-compile-cache/v22.23.3-x64-9de703df-0/78bdf99b
node-compile-cache/v22.23.3-x64-9de703df-0/49631807
node-compile-cache/v22.23.3-x64-9de703df-0/4bda5c6a
node-compile-cache/v22.23.3-x64-9de703df-0/b341e81d
node-compile-cache/v22.23.3-x64-9de703df-0/69dece50
node-compile-cache/v22.23.3-x64-9de703df-0/be95ea88
node-compile-cache/v22.23.3-x64-9de703df-0/9e3a9180
node-compile-cache/v22.23.3-x64-9de703df-0/71f8d313
node-compile-cache/v22.23.3-x64-9de703df-0/c5dca45b
node-compile-cache/v22.23.3-x64-9de703df-0/5fa75c81
node-compile-cache/v22.23.3-x64-9de703df-0/0b00cc65
node-compile-cache/v22.23.3-x64-9de703df-0/09cc6bf3
node-compile-cache/v22.23.3-x64-9de703df-0/a0ca0dd5
node-compile-cache/v22.23.3-x64-9de703df-0/bcf56124
node-compile-cache/v22.23.3-x64-9de703df-0/cf46e917
node-compile-cache/v22.23.3-x64-9de703df-0/fbf9ac38
node-compile-cache/v22.23.3-x64-9de703df-0/42a5d001
node-compile-cache/v22.23.3-x64-9de703df-0/ca1d1465
node-compile-cache/v22.23.3-x64-9de703df-0/e764a755
node-compile-cache/v22.23.3-x64-9de703df-0/b6e6b6b0
node-compile-cache/v22.23.3-x64-9de703df-0/8eeb84d1
node-compile-cache/v22.23.3-x64-9de703df-0/46d40b27
node-compile-cache/v22.23.3-x64-9de703df-0/0f16a34a
node-compile-cache/v22.23.3-x64-9de703df-0/c0ca2754
node-compile-cache/v22.23.3-x64-9de703df-0/9af36fe5
node-compile-cache/v22.23.3-x64-9de703df-0/a48e180c
node-compile-cache/v22.23.3-x64-9de703df-0/c750d204
node-compile-cache/v22.23.3-x64-9de703df-0/1a717684
node-compile-cache/v22.23.3-x64-9de703df-0/161e91c9
node-compile-cache/v22.23.3-x64-9de703df-0/ff2adce7
node-compile-cache/v22.23.3-x64-9de703df-0/68a3e536
node-compile-cache/v22.23.3-x64-9de703df-0/c115827e
node-compile-cache/v22.23.3-x64-9de703df-0/09a7ebaf
node-compile-cache/v22.23.3-x64-9de703df-0/4d348b0d
node-compile-cache/v22.23.3-x64-9de703df-0/fec1bebb
node-compile-cache/v22.23.3-x64-9de703df-0/029c3683
timestamp=2026-10-05T03:25:58.129Z level=INFO run=7618efae message="creating instance" directory=/tmp
timestamp=2026-10-05T03:25:58.130Z level=INFO run=7618efae message=fromDirectory directory=/tmp
timestamp=2026-10-05T03:25:58.141Z level=INFO run=7618efae message=bootstrapping directory=/tmp
timestamp=2026-10-05T03:25:58.147Z level=INFO run=7618efae message=loading path=/home/node/.config/opencode/config.json
timestamp=2026-10-05T03:25:58.149Z level=INFO run=7618efae message=loading path=/home/node/.config/opencode/opencode.json
timestamp=2026-10-05T03:25:58.149Z level=INFO run=7618efae message=loading path=/home/node/.config/opencode/opencode.jsonc
timestamp=2026-10-05T03:25:58.320Z level=INFO run=7618efae message="all LSPs are disabled"
timestamp=2026-10-05T03:25:58.321Z level=INFO run=7618efae message="all formatters are disabled"
timestamp=2026-10-05T03:25:58.321Z level=INFO run=7618efae message=init
timestamp=2026-10-05T03:25:58.345Z level=INFO run=7618efae message="disposing instance" directory=/tmp
